// Jest Snapshot v1, https://goo.gl/fbAQLP

exports[`Calculator component unit test Calculator Component Renders Properly 1`] = `
<div
  className="container"
  data-testid="calculator"
>
  <div
    className="row my-3 text-light flex-column flex-md-row justify-content-center"
  >
    <div
      className="col-md-6 my-3"
    >
      <div
        className="d-flex align-items-center justify-content-center"
      >
         
        <h2
          className="align-self-md-center fs-4"
        >
          Let's do some
           
          <span
            className="carrotColor"
          >
            Maths!
          </span>
        </h2>
        <img
          alt="Magician"
          className="w-25"
          src="/magician.png"
        />
      </div>
    </div>
    <div
      className="col-md-6 d-flex justify-content-center flex-wrap "
    >
      <div
        className="col-8 col-6 d-flex justify-content-center"
      >
        <div
          className="d-flex justify-content-end text-light px-1 py-2 w-100 mx-5"
        >
          0
        </div>
      </div>
      <div
        className="col-8 col-6 d-flex justify-content-center flex-wrap w-50 bg"
      >
        <button
          className="btn btn-light rounded-0 border p-2 w-25 rounded-5 my-1 font-size "
          onClick={[Function]}
          type="submit"
        >
          AC
        </button>
        <button
          className="btn btn-light rounded-0 border py-2 w-25 rounded-5 my-1"
          onClick={[Function]}
          type="submit"
        >
          ±
        </button>
        <button
          className="btn btn-light rounded-0 border py-2 w-25 rounded-5 my-1"
          onClick={[Function]}
          type="submit"
        >
          %
        </button>
        <button
          className="btn btn-warning rounded-0 border py-2 w-25 rounded-5 my-1"
          onClick={[Function]}
          type="submit"
        >
          ÷
        </button>
        <button
          className="btn btn-light rounded-0 border py-2 w-25 rounded-5 my-1"
          onClick={[Function]}
          type="submit"
        >
          7
        </button>
        <button
          className="btn btn-light rounded-0 border py-2 w-25 rounded-5 my-1"
          onClick={[Function]}
          type="submit"
        >
          8
        </button>
        <button
          className="btn btn-light rounded-0 border py-2 w-25 rounded-5 my-1"
          onClick={[Function]}
          type="submit"
        >
          9
        </button>
        <button
          className="btn btn-warning rounded-0 border py-2 w-25 rounded-5 my-1"
          onClick={[Function]}
          type="submit"
        >
          x
        </button>
        <button
          className="btn btn-light rounded-0 border py-2 w-25 rounded-5 my-1"
          onClick={[Function]}
          type="submit"
        >
          4
        </button>
        <button
          className="btn btn-light rounded-0 border py-2 w-25 rounded-5 my-1"
          onClick={[Function]}
          type="submit"
        >
          5
        </button>
        <button
          className="btn btn-light rounded-0 border py-2 w-25 rounded-5 my-1"
          onClick={[Function]}
          type="submit"
        >
          6
        </button>
        <button
          className="btn btn-warning rounded-0 border py-2 w-25 rounded-5 my-1"
          onClick={[Function]}
          type="submit"
        >
          -
        </button>
        <button
          className="btn btn-light rounded-0 border py-2 w-25 rounded-5 my-1"
          onClick={[Function]}
          type="submit"
        >
          1
        </button>
        <button
          className="btn btn-light rounded-0 border py-2 w-25 rounded-5 my-1"
          onClick={[Function]}
          type="submit"
        >
          2
        </button>
        <button
          className="btn btn-light rounded-0 border py-2 w-25 rounded-5 my-1"
          onClick={[Function]}
          type="submit"
        >
          3
        </button>
        <button
          className="btn btn-warning rounded-0 border py-2 w-25 rounded-5 my-1"
          onClick={[Function]}
          type="submit"
        >
          +
        </button>
        <button
          className="btn btn-light rounded-0 border py-2 w-50 rounded-5 my-1"
          onClick={[Function]}
          type="submit"
        >
          0
        </button>
        <button
          className="btn btn-light rounded-0 border py-2 w-25 rounded-5 my-1"
          onClick={[Function]}
          type="submit"
        >
          .
        </button>
        <button
          className="btn btn-warning rounded-0 border py-2 w-25 rounded-5 my-1"
          onClick={[Function]}
          type="submit"
        >
          =
        </button>
      </div>
    </div>
  </div>
</div>
`;
