// Jest Snapshot v1, https://goo.gl/fbAQLP

exports[`Header component unit test Header Component Renders Properly 1`] = `
<nav
  className="navbar navbar-expand-lg navbar-collapse-down header bg-black"
>
  <div
    className="container bg-black py-2"
  >
    <h1
      className="text-center text-light"
    >
      Math
       
      <span
        className="carrot"
      >
        Magicians
      </span>
    </h1>
    <button
      aria-controls="navbarNavAltMarkup"
      aria-expanded="false"
      aria-label="Toggle navigation"
      className="navbar-toggler bg-body-secondary"
      data-bs-target="#navbarNavAltMarkup"
      data-bs-toggle="collapse"
      type="button"
    >
      <span
        className="navbar-toggler-icon bg-body-secondary"
      />
    </button>
    <div
      className="collapse navbar-collapse justify-content-end bg-black"
      id="navbarNavAltMarkup"
    >
      <div
        className="navbar-nav bg-black"
      >
        <a
          aria-current="page"
          className="nav-link text-light separate fs-5 header-carrot"
          href="/"
        >
          Home
        </a>
        <a
          className="nav-link text-light separate fs-5 header-carrot"
          href="/calc"
        >
          Calculator
        </a>
        <a
          className="nav-link text-light separate fs-5 header-carrot"
          href="/quotes"
        >
          Quotes
        </a>
      </div>
    </div>
  </div>
</nav>
`;
